
> todo-app@0.1.0 test
> react-scripts test --watchAll=false

node.exe : PASS src/App.test.js
発生場所 行:1 文字:1
+ & "C:\Program Files\nodejs/node.exe" "C:\Program Files\nodejs/node_mo ...
+ ~~~~~~~~~~~~~~~~~~~~~~~~~~~~~~~~~~~~~~~~~~~~~~~~~~~~~~~~~~~~~~~~~~~~~
    + CategoryInfo          : NotSpecified: (PASS src/App.test.js:String) [], RemoteException
    + FullyQualifiedErrorId : NativeCommandError
 
FAIL src/testApp.test.jsx
  笳・TodoApp 繧ｳ繝ｳ繝昴・繝阪Φ繝・窶ｺ 邨ｱ險域ュ蝣ｱ縺梧ｭ｣縺励￥譖ｴ譁ｰ縺輔ｌ繧・
    TestingLibraryElementError: Found multiple elements with the text: 譛ｪ螳御ｺ・
    Here are the matching elements:

    Ignored nodes: comments, script, style
    [36m<h5[39m
      [33mclass[39m=[32m"text-muted"[39m
    [36m>[39m
      [0m譛ｪ螳御ｺ・[0m
    [36m</h5>[39m

    Ignored nodes: comments, script, style
    [36m<button[39m
      [33mclass[39m=[32m"flex-fill btn btn-outline-warning"[39m
      [33mtype[39m=[32m"button"[39m
    [36m>[39m
      [0m譛ｪ螳御ｺ・[0m
    [36m</button>[39m

    (If this is intentional, then use the `*AllBy*` variant of the query (like `queryAllByText`, `getAllByText`, or `findAllByText`)).

    Ignored nodes: comments, script, style
    [36m<body>[39m
      [36m<div>[39m
        [36m<div[39m
          [33mclass[39m=[32m"bg-light min-vh-100 py-5 container-fluid"[39m
        [36m>[39m
          [36m<div[39m
            [33mclass[39m=[32m"justify-content-center row"[39m
          [36m>[39m
            [36m<div[39m
              [33mclass[39m=[32m"col-lg-6 col-md-8"[39m
            [36m>[39m
              [36m<div[39m
                [33mclass[39m=[32m"card shadow-lg"[39m
              [36m>[39m
                [36m<div[39m
                  [33mclass[39m=[32m"card-header bg-primary text-white py-4"[39m
                [36m>[39m
                  [36m<h2[39m
                    [33mclass[39m=[32m"mb-0"[39m
                  [36m>[39m
                    [36m<i[39m
                      [33mclass[39m=[32m"bi bi-list-check me-2"[39m
                    [36m/>[39m
                    [0m讌ｭ蜍咏畑Todo邂｡逅・[0m
                  [36m</h2>[39m
                [36m</div>[39m
                [36m<div[39m
                  [33mclass[39m=[32m"card-body p-4"[39m
                [36m>[39m
                  [36m<div[39m
                    [33mclass[39m=[32m"row mb-4"[39m
                  [36m>[39m
                    [36m<div[39m
                      [33mclass[39m=[32m"col-6 col-sm-4"[39m
                    [36m>[39m
                      [36m<div[39m
                        [33mclass[39m=[32m"text-center"[39m
                      [36m>[39m
                        [36m<h5[39m
                          [33mclass[39m=[32m"text-muted"[39m
                        [36m>[39m
                          [0m蜈ｨ菴・[0m
                        [36m</h5>[39m
                        [36m<span[39m
                          [33mclass[39m=[32m"badge bg-secondary"[39m
                          [33mrole[39m=[32m"status"[39m
                        [36m>[39m
                          [0m2[0m
                        [36m</span>[39m
                      [36m</div>[39m
                    [36m</div>[39m
                    [36m<div[39m
                      [33mclass[39m=[32m"col-6 col-sm-4"[39m
                    [36m>[39m
                      [36m<div[39m
                        [33mclass[39m=[32m"text-center"[39m
                      [36m>[39m
                        [36m<h5[39m
                          [33mclass[39m=[32m"text-muted"[39m
                        [36m>[39m
                          [0m譛ｪ螳御ｺ・[0m
                        [36m</h5>[39m
                        [36m<span[39m
                          [33mclass[39m=[32m"badge bg-warning"[39m
                          [33mrole[39m=[32m"status"[39m
                        [36m>[39m
                          [0m1[0m
                        [36m</span>[39m
                      [36m</div>[39m
                    [36m</div>[39m
                    [36m<div[39m
                      [33mclass[39m=[32m"col-6 col-sm-4"[39m
                    [36m>[39m
                      [36m<div[39m
                        [33mclass[39m=[32m"text-center"[39m
                      [36m>[39m
                        [36m<h5[39m
                          [33mclass[39m=[32m"text-muted"[39m
                        [36m>[39m
                          [0m螳御ｺ・[0m
                        [36m</h5>[39m
                        [36m<span[39m
                          [33mclass[39m=[32m"badge bg-success"[39m
                          [33mrole[39m=[32m"status"[39m
                        [36m>[39m
                          [0m1[0m
                        [36m</span>[39m
                      [36m</div>[39m
                    [36m</div>[39m
                  [36m</div>[39m
                  [36m<form[39m
                    [33mclass[39m=[32m"mb-4"[39m
                  [36m>[39m
                    [36m<div[39m
                      [33mclass[39m=[32m"row g-2"[39m
                    [36m>[39m
                      [36m<div[39m
                        [33mclass[39m=[32m"col-12 col-md-6"[39m
                      [36m>[39m
                        [36m<input[39m
                          [33mclass[39m=[32m"py-2 form-control"[39m
                          [33mplaceholder[39m=[32m"譁ｰ縺励＞繧ｿ繧ｹ繧ｯ繧貞・蜉・.."[39m
                          [33mtype[39m=[32m"text"[39m
                          [33mvalue[39m=[32m""[39m
                        [36m/>[39m
                      [36m</div>[39m
                      [36m<div[39m
                        [33mclass[39m=[32m"col-6 col-md-2"[39m
                      [36m>[39m
                        [36m<input[39m
                          [33maria-label[39m=[32m"due-date"[39m
                          [33mclass[39m=[32m"form-control"[39m
                          [33mtype[39m=[32m"date"[39m
                          [33mvalue[39m=[32m""[39m
                        [36m/>[39m
                      [36m</div>[39m
                      [36m<div[39m
                        [33mclass[39m=[32m"col-4 col-md-2"[39m
                      [36m>[39m
                        [36m<select[39m
                          [33maria-label[39m=[32m"priority-select"[39m
                          [33mclass[39m=[32m"form-select"[39m
                        [36m>[39m
                          [36m<option[39m
                            [33mvalue[39m=[32m"Low"[39m
                          [36m>[39m
                            [0mLow[0m
                          [36m</option>[39m
                          [36m<option[39m
                            [33mvalue[39m=[32m"Medium"[39m
                          [36m>[39m
                            [0mMedium[0m
                          [36m</option>[39m
                          [36m<option[39m
                            [33mvalue[39m=[32m"High"[39m
                          [36m>[39m
                            [0mHigh[0m
                          [36m</option>[39m
                        [36m</select>[39m
                      [36m</div>[39m
                      [36m<div[39m
                        [33mclass[39m=[32m"col-2 d-grid"[39m
                      [36m>[39m
                        [36m<button[39m
                          [33mclass[39m=[32m"btn btn-primary"[39m
                          [33mtype[39m=[32m"submit"[39m
                        [36m>[39m
                          [36m<i[39m
                            [33mclass[39m=[32m"bi bi-plus-lg me-1"[39m
                          [36m/>[39m
                          [0m霑ｽ蜉[0m
                        [36m</button>[39m
                      [36m</div>[39m
                    [36m</div>[39m
                  [36m</form>[39m
                  [36m<div[39m
                    [33mclass[39m=[32m"btn-group w-100 mb-4"[39m
                    [33mrole[39m=[32m"group"[39m
                  [36m>[39m
                    [36m<button[39m
                      [33mclass[39m=[32m"flex-fill btn btn-primary"[39m
                      [33mtype[39m=[32m"button"[39m
                    [36m>[39m
                      [0m蜈ｨ縺ｦ[0m
                    [36m</button>[39m
                    [36m<button[39m
                      [33mclass[39m=[32m"flex-fill btn btn-outline-warning"[39m
                      [33mtype[39m=[32m"button"[39m
                    [36m>[39m
                      [0m譛ｪ螳御ｺ・[0m
                    [36m</button>[39m
                    [36m<button[39m
                      [33mclass[39m=[32m"flex-fill btn btn-outline-success"[39m
                      [33mtype[39m=[32m"button"[39m
                    [36m>[39m
                      [0m螳御ｺ・[0m
                    [36m</button>[39m
                  [36m</div>[39m
                  [36m<ul[39m
                    [33mclass[39m=[32m"list-group list-group-flush"[39m
                  [36m>[39m
                    [36m<div[39m
                      [33mclass[39m=[32m"d-flex align-items-center justify-content-between py-3 border-bottom list-group-item"[39m
                      [33mstyle[39m=[32m"background-color: rgb(248, 249, 250);"[39m
                    [36m>[39m
                      [36m<div[39m
                        [33mclass[39m=[32m"flex-grow-1 d-flex align-items-center"[39m
                      [36m>[39m
                        [36m<div[39m
                          [33mclass[39m=[32m"me-3 mt-0"[39m
                          [33mstyle[39m=[32m"cursor: pointer;"[39m
                        [36m>[39m
                          [36m<input[39m
                            [33mclass[39m=[32m"form-check-input"[39m
                            [33mtype[39m=[32m"checkbox"[39m
                          [36m/>[39m
                        [36m</div>[39m
                        [36m<div[39m
                          [33mclass[39m=[32m"flex-grow-1"[39m
                        [36m>[39m
                          [36m<p[39m
                            [33mclass[39m=[32m"mb-0 text-muted text-decoration-line-through"[39m
                            [33mstyle[39m=[32m"cursor: pointer;"[39m
                          [36m>[39m
                            [0m繧ｿ繧ｹ繧ｯ1[0m
                          [36m</p>[39m
                          [36m<small[39m
                            [33mclass[39m=[32m"text-muted d-block"[39m
                          [36m>[39m
                            [0m2025/11/27[0m
                            [36m<span[39m
                              [33mclass[39m=[32m"ms-2 badge bg-warning"[39m
                              [33mrole[39m=[32m"status"[39m
                            [36m>[39m
                              [0mMedium[0m
                            [36m</span>[39m
                          [36m</small>[39m
                        [36m</div>[39m
                      [36m</div>[39m
                      [36m<button[39m
                        [33maria-label[39m=[32m"trash"[39m
                        [33mclass[39m=[32m"ms-2 btn btn-danger btn-sm"[39m
                        [33mtype[39m=[32m"button"[39m
                      [36m>[39m
                        [36m<i[39m
                          [33mclass[39m=[32m"bi bi-trash"[39m
                        [36m/>[39m
                      [36m</button>[39m
                    [36m</div>[39m
                    [36m<div[39m
                      [33mclass[39m=[32m"d-flex align-items-center justify-content-between py-3 border-bottom list-group-item"[39m
                      [33mstyle[39m=[32m"background-color: white;"[39m
                    [36m>[39m
                      [36m<div[39m
                        [33mclass[39m=[32m"flex-grow-1 d-flex align-items-center"[39m
                      [36m>[39m
                        [36m<div[39m
                          [33mclass[39m=[32m"me-3 mt-0"[39m
                          [33mstyle[39m=[32m"cursor: pointer;"[39m
                        [36m>[39m
                          [36m<input[39m
                            [33mclass[39m=[32m"form-check-input"[39m
                            [33mtype[39m=[32m"checkbox"[39m
                          [36m/>[39m
                        [36m</div>[39m
                        [36m<div[39m
                          [33mclass[39m=[32m"flex-grow-1"[39m
                        [36m>[39m
                          [36m<p[39m
                            [33mclass[39m=[32m"mb-0 "[39m
                            [33mstyle[39m=[32m"cursor: pointer;"[39m
                          [36m>[39m
                            [0m繧ｿ繧ｹ繧ｯ2[0m
                          [36m</p>[39m
                          [36m<small[39m
                            [33mclass[39m=[32m"text-muted d-block"[39m
                          [36m>[39m
                            [0m2025/11/27[0m
                            [36m<span[39m
                              [33mclass[39m=[32m"ms-2 badge bg-warning"[39m
                              [33mrole[39m=[32m"status"[39m
                            [36m>[39m
                              [0mMedium[0m
                            [36m</span>[39m
                          [36m</small>[39m
                        [36m</div>[39m
                      [36m</div>[39m
                      [36m<button[39m
                        [33maria-label[39m=[32m"trash"[39m
                        [33mclass[39m=[32m"ms-2 btn btn-danger btn-sm"[39m
                        [33mtype[39m=[32m"button"[39m
                      [36m>[39m
                        [36m<i[39m
                          [33mclass[39m=[32m"bi bi-trash"[39m
                        [36m/>[39m
                      [36m</button>[39m
                    [36m</div>[39m
                  [36m</ul>[39m
                  [36m<div[39m
                    [33mclass[39m=[32m"mt-4"[39m
                  [36m>[39m
                    [36m<button[39m
                      [33mclass[39m=[32m"w-100 btn btn-outline-danger btn-sm"[39m
                      [33mtype[39m=[32m"button"[39m
                    [36m>[39m
                      [36m<i[39m
                        [33mclass[39m=[32m"bi bi-check-circle me-1"[39m
                      [36m/>[39m
                      [0m螳御ｺ・ｸ医∩繧貞炎髯､([0m
                      [0m1[0m
                      [0m)[0m
                    [36m</button>[39m
                  [36m</div>[39m
                [36m</div>[39m
              [36m</div>[39m
            [36m</div>[39m
          [36m</div>[39m
        [36m</div>[39m
      [36m</div>[39m
    [36m</body>[39m

    [0m [90m 217 |[39m 		[90m// 邨ｱ險域ュ蝣ｱ繧堤｢ｺ隱搾ｼ亥推隕句・縺励・荳ｭ縺ｮ繝舌ャ繧ｸ繧貞盾辣ｧ・・[39m
     [90m 218 |[39m 		[36mconst[39m totalContainer [33m=[39m screen[33m.[39mgetByText([32m'蜈ｨ菴・[39m)[33m.[39mclosest([32m'div'[39m)[33m;[39m
    [31m[1m>[22m[39m[90m 219 |[39m 		[36mconst[39m pendingContainer [33m=[39m screen[33m.[39mgetByText([32m'譛ｪ螳御ｺ・[39m)[33m.[39mclosest([32m'di
v'[39m)[33m;[39m
     [90m     |[39m 		                                [31m[1m^[22m[39m
     [90m 220 |[39m 		[36mconst[39m completedContainer [33m=[39m screen[33m.[39mgetByText([32m'螳御ｺ・[39m)[33m.[39mclosest([32m'div'[39m)[33m;[39m
     [90m 221 |[39m 		[36mconst[39m totalBadge [33m=[39m within(totalContainer)[33m.[39mgetByRole([32m'status'[39m)[33m;[39m
     [90m 222 |[39m 		[36mconst[39m pendingBadge [33m=[39m within(pendingContainer)[33m.[39mgetByRole([32m'status'[39m)[33m;[39m[0m

      at Object.getElementError (node_modules/@testing-library/dom/dist/config.js:37:19)
      at getElementError (node_modules/@testing-library/dom/dist/query-helpers.js:20:35)
      at getMultipleElementsFoundError (node_modules/@testing-library/dom/dist/query-helpers.js:23:10)
      at node_modules/@testing-library/dom/dist/query-helpers.js:55:13
      at getByText (node_modules/@testing-library/dom/dist/query-helpers.js:95:19)
      at Object.<anonymous> (src/testApp.test.jsx:219:35)

Test Suites: 1 failed, 1 passed, 2 total
Tests:       1 failed, 18 passed, 19 total
Snapshots:   0 total
Time:        3.31 s
Ran all test suites.
